---
source: crates/runtime/tests/flight/do_put.rs
expression: results_str
---
+---+---+
| a | b |
+---+---+
| 1 | a |
| 2 | b |
| 3 | c |
| 1 | a |
| 2 | b |
| 3 | c |
| 1 | a |
| 2 | b |
| 3 | c |
| 1 | a |
| 2 | b |
| 3 | c |
| 1 | a |
| 2 | b |
| 3 | c |
| 1 | a |
| 2 | b |
| 3 | c |
+---+---+
