---
source: crates/runtime/benches/bench.rs
expression: records_pretty
snapshot_kind: text
---
+-----------------------------------+
| count(DISTINCT hits.SearchPhrase) |
+-----------------------------------+
| 6019103                           |
+-----------------------------------+
