---
source: crates/runtime/benches/bench.rs
expression: records_pretty
snapshot_kind: text
---
+----------------+-------+-----------+----------------------+-------------------+----------------+---------------------------+------------------------+
| ss_customer_sk | ratio | store_qty | store_wholesale_cost | store_sales_price | other_chan_qty | other_chan_wholesale_cost | other_chan_sales_price |
+----------------+-------+-----------+----------------------+-------------------+----------------+---------------------------+------------------------+
| 373            | 1.0   | 98        | 73.85                | 9.65              | 58             | 79.31                     | 89.33                  |
| 1302           | 0.0   | 10        | 73.37                | 24.85             | 21             | 46.46                     | 88.08                  |
| 1861           | 0.0   | 48        | 51.02                | 12.98             | 76             | 19.12                     | 11.83                  |
| 2415           | 0.0   | 69        | 87.49                | 34.29             | 84             | 65.79                     | 7.99                   |
| 4169           | 0.0   | 26        | 67.91                | 86.43             | 55             | 87.94                     | 14.35                  |
| 4843           | 0.0   | 35        | 39.85                | 11.10             | 95             | 29.53                     | 17.50                  |
| 5138           | 0.0   | 18        | 68.02                | 58.11             | 19             | 92.98                     | 201.76                 |
| 5146           | 0.0   | 39        | 35.53                | 9.32              | 48             | 65.81                     | 64.99                  |
| 5835           | 0.0   | 25        | 34.22                | 40.31             | 43             | 95.47                     | 69.16                  |
| 5838           | 4.0   | 26        | 33.23                | 37.48             | 6              | 54.20                     | 37.72                  |
+----------------+-------+-----------+----------------------+-------------------+----------------+---------------------------+------------------------+
