---
source: crates/runtime/benches/bench.rs
expression: records_pretty
snapshot_kind: text
---
+---------------+---------+-------------------+--------------+--------------------+
| total_sum     | s_state | s_county          | lochierarchy | rank_within_parent |
+---------------+---------+-------------------+--------------+--------------------+
| -442950476.62 |         |                   | 2            | 1                  |
| -442950476.62 | TN      |                   | 1            | 1                  |
| -442950476.62 | TN      | Williamson County | 0            | 1                  |
+---------------+---------+-------------------+--------------+--------------------+
