---
source: crates/runtime/benches/bench.rs
expression: records_pretty
snapshot_kind: text
---
+------------------+------------------+--------------+--------------+
| Call_Center      | Call_Center_Name | Manager      | Returns_Loss |
+------------------+------------------+--------------+--------------+
| AAAAAAAABAAAAAAA | NY Metro         | Bob Belcher  | 3803.30      |
| AAAAAAAAEAAAAAAA | North Midwest    | Larry Mccray | 3486.41      |
| AAAAAAAAEAAAAAAA | North Midwest    | Larry Mccray | 490.38       |
+------------------+------------------+--------------+--------------+
