---
source: crates/runtime/benches/bench.rs
description: "Query: select i_brand_id brand_id, i_brand brand,t_hour,t_minute,\n \tsum(ext_price) ext_price\n from item, (select ws_ext_sales_price as ext_price,\n                        ws_sold_date_sk as sold_date_sk,\n                        ws_item_sk as sold_item_sk,\n                        ws_sold_time_sk as time_sk\n                 from web_sales,date_dim\n                 where d_date_sk = ws_sold_date_sk\n                   and d_moy=11\n                   and d_year=2001\n                 union all\n                 select cs_ext_sales_price as ext_price,\n                        cs_sold_date_sk as sold_date_sk,\n                        cs_item_sk as sold_item_sk,\n                        cs_sold_time_sk as time_sk\n                 from catalog_sales,date_dim\n                 where d_date_sk = cs_sold_date_sk\n                   and d_moy=11\n                   and d_year=2001\n                 union all\n                 select ss_ext_sales_price as ext_price,\n                        ss_sold_date_sk as sold_date_sk,\n                        ss_item_sk as sold_item_sk,\n                        ss_sold_time_sk as time_sk\n                 from store_sales,date_dim\n                 where d_date_sk = ss_sold_date_sk\n                   and d_moy=11\n                   and d_year=2001\n                 ) tmp,time_dim\n where\n   sold_item_sk = i_item_sk\n   and i_manager_id=1\n   and time_sk = t_time_sk\n   and (t_meal_time = 'breakfast' or t_meal_time = 'dinner')\n group by i_brand, i_brand_id,t_hour,t_minute\n order by ext_price desc, i_brand_id\n ;\n"
snapshot_kind: text
---
+---------------+--------------------------------------------------------------------------------------------------------------------------------------------------------------------------------------------------+
| plan_type     | plan                                                                                                                                                                                             |
+---------------+--------------------------------------------------------------------------------------------------------------------------------------------------------------------------------------------------+
| logical_plan  | Projection: brand_id, brand, time_dim.t_hour, time_dim.t_minute, ext_price                                                                                                                       |
|               |   Sort: ext_price DESC NULLS FIRST, item.i_brand_id ASC NULLS LAST                                                                                                                               |
|               |     Projection: item.i_brand_id AS brand_id, item.i_brand AS brand, time_dim.t_hour, time_dim.t_minute, sum(tmp.ext_price) AS ext_price, item.i_brand_id                                         |
|               |       Aggregate: groupBy=[[item.i_brand, item.i_brand_id, time_dim.t_hour, time_dim.t_minute]], aggr=[[sum(tmp.ext_price)]]                                                                      |
|               |         Projection: item.i_brand_id, item.i_brand, tmp.ext_price, time_dim.t_hour, time_dim.t_minute                                                                                             |
|               |           Inner Join: tmp.time_sk = time_dim.t_time_sk                                                                                                                                           |
|               |             Projection: item.i_brand_id, item.i_brand, tmp.ext_price, tmp.time_sk                                                                                                                |
|               |               Inner Join: item.i_item_sk = tmp.sold_item_sk                                                                                                                                      |
|               |                 Projection: item.i_item_sk, item.i_brand_id, item.i_brand                                                                                                                        |
|               |                   BytesProcessedNode                                                                                                                                                             |
|               |                     Filter: item.i_manager_id = Int32(1)                                                                                                                                         |
|               |                       TableScan: item projection=[i_item_sk, i_brand_id, i_brand, i_manager_id]                                                                                                  |
|               |                 SubqueryAlias: tmp                                                                                                                                                               |
|               |                   Union                                                                                                                                                                          |
|               |                     Projection: web_sales.ws_ext_sales_price AS ext_price, web_sales.ws_item_sk AS sold_item_sk, web_sales.ws_sold_time_sk AS time_sk                                            |
|               |                       Inner Join: web_sales.ws_sold_date_sk = date_dim.d_date_sk                                                                                                                 |
|               |                         BytesProcessedNode                                                                                                                                                       |
|               |                           TableScan: web_sales projection=[ws_sold_date_sk, ws_sold_time_sk, ws_item_sk, ws_ext_sales_price]                                                                     |
|               |                         Projection: date_dim.d_date_sk                                                                                                                                           |
|               |                           BytesProcessedNode                                                                                                                                                     |
|               |                             Filter: date_dim.d_moy = Int32(11) AND date_dim.d_year = Int32(2001)                                                                                                 |
|               |                               TableScan: date_dim projection=[d_date_sk, d_year, d_moy]                                                                                                          |
|               |                     Projection: catalog_sales.cs_ext_sales_price AS ext_price, catalog_sales.cs_item_sk AS sold_item_sk, catalog_sales.cs_sold_time_sk AS time_sk                                |
|               |                       Inner Join: catalog_sales.cs_sold_date_sk = date_dim.d_date_sk                                                                                                             |
|               |                         BytesProcessedNode                                                                                                                                                       |
|               |                           TableScan: catalog_sales projection=[cs_sold_date_sk, cs_sold_time_sk, cs_item_sk, cs_ext_sales_price]                                                                 |
|               |                         Projection: date_dim.d_date_sk                                                                                                                                           |
|               |                           BytesProcessedNode                                                                                                                                                     |
|               |                             Filter: date_dim.d_moy = Int32(11) AND date_dim.d_year = Int32(2001)                                                                                                 |
|               |                               TableScan: date_dim projection=[d_date_sk, d_year, d_moy]                                                                                                          |
|               |                     Projection: store_sales.ss_ext_sales_price AS ext_price, store_sales.ss_item_sk AS sold_item_sk, store_sales.ss_sold_time_sk AS time_sk                                      |
|               |                       Inner Join: store_sales.ss_sold_date_sk = date_dim.d_date_sk                                                                                                               |
|               |                         BytesProcessedNode                                                                                                                                                       |
|               |                           TableScan: store_sales projection=[ss_sold_date_sk, ss_sold_time_sk, ss_item_sk, ss_ext_sales_price]                                                                   |
|               |                         Projection: date_dim.d_date_sk                                                                                                                                           |
|               |                           BytesProcessedNode                                                                                                                                                     |
|               |                             Filter: date_dim.d_moy = Int32(11) AND date_dim.d_year = Int32(2001)                                                                                                 |
|               |                               TableScan: date_dim projection=[d_date_sk, d_year, d_moy]                                                                                                          |
|               |             Projection: time_dim.t_time_sk, time_dim.t_hour, time_dim.t_minute                                                                                                                   |
|               |               BytesProcessedNode                                                                                                                                                                 |
|               |                 Filter: time_dim.t_meal_time = LargeUtf8("breakfast") OR time_dim.t_meal_time = LargeUtf8("dinner")                                                                              |
|               |                   TableScan: time_dim projection=[t_time_sk, t_hour, t_minute, t_meal_time]                                                                                                      |
| physical_plan | ProjectionExec: expr=[brand_id@0 as brand_id, brand@1 as brand, t_hour@2 as t_hour, t_minute@3 as t_minute, ext_price@4 as ext_price]                                                            |
|               |   SortPreservingMergeExec: [ext_price@4 DESC, i_brand_id@5 ASC NULLS LAST]                                                                                                                       |
|               |     SortExec: expr=[ext_price@4 DESC, i_brand_id@5 ASC NULLS LAST], preserve_partitioning=[true]                                                                                                 |
|               |       ProjectionExec: expr=[i_brand_id@1 as brand_id, i_brand@0 as brand, t_hour@2 as t_hour, t_minute@3 as t_minute, sum(tmp.ext_price)@4 as ext_price, i_brand_id@1 as i_brand_id]             |
|               |         AggregateExec: mode=FinalPartitioned, gby=[i_brand@0 as i_brand, i_brand_id@1 as i_brand_id, t_hour@2 as t_hour, t_minute@3 as t_minute], aggr=[sum(tmp.ext_price)]                      |
|               |           CoalesceBatchesExec: target_batch_size=8192                                                                                                                                            |
|               |             RepartitionExec: partitioning=Hash([i_brand@0, i_brand_id@1, t_hour@2, t_minute@3], 4), input_partitions=4                                                                           |
|               |               AggregateExec: mode=Partial, gby=[i_brand@1 as i_brand, i_brand_id@0 as i_brand_id, t_hour@3 as t_hour, t_minute@4 as t_minute], aggr=[sum(tmp.ext_price)]                         |
|               |                 CoalesceBatchesExec: target_batch_size=8192                                                                                                                                      |
|               |                   HashJoinExec: mode=Partitioned, join_type=Inner, on=[(time_sk@3, t_time_sk@0)], projection=[i_brand_id@0, i_brand@1, ext_price@2, t_hour@5, t_minute@6]                        |
|               |                     CoalesceBatchesExec: target_batch_size=8192                                                                                                                                  |
|               |                       RepartitionExec: partitioning=Hash([time_sk@3], 4), input_partitions=4                                                                                                     |
|               |                         CoalesceBatchesExec: target_batch_size=8192                                                                                                                              |
|               |                           HashJoinExec: mode=Partitioned, join_type=Inner, on=[(i_item_sk@0, sold_item_sk@1)], projection=[i_brand_id@1, i_brand@2, ext_price@3, time_sk@5]                      |
|               |                             CoalesceBatchesExec: target_batch_size=8192                                                                                                                          |
|               |                               RepartitionExec: partitioning=Hash([i_item_sk@0], 4), input_partitions=4                                                                                           |
|               |                                 ProjectionExec: expr=[i_item_sk@0 as i_item_sk, i_brand_id@1 as i_brand_id, i_brand@2 as i_brand]                                                                |
|               |                                   BytesProcessedExec                                                                                                                                             |
|               |                                     CoalesceBatchesExec: target_batch_size=8192                                                                                                                  |
|               |                                       FilterExec: i_manager_id@3 = 1                                                                                                                             |
|               |                                         SchemaCastScanExec                                                                                                                                       |
|               |                                           RepartitionExec: partitioning=RoundRobinBatch(4), input_partitions=1                                                                                   |
|               |                                             MemoryExec: partitions=1, partition_sizes=[3]                                                                                                        |
|               |                             CoalesceBatchesExec: target_batch_size=8192                                                                                                                          |
|               |                               RepartitionExec: partitioning=Hash([sold_item_sk@1], 4), input_partitions=12                                                                                       |
|               |                                 UnionExec                                                                                                                                                        |
|               |                                   ProjectionExec: expr=[ws_ext_sales_price@2 as ext_price, ws_item_sk@1 as sold_item_sk, ws_sold_time_sk@0 as time_sk]                                           |
|               |                                     CoalesceBatchesExec: target_batch_size=8192                                                                                                                  |
|               |                                       HashJoinExec: mode=Partitioned, join_type=Inner, on=[(ws_sold_date_sk@0, d_date_sk@0)], projection=[ws_sold_time_sk@1, ws_item_sk@2, ws_ext_sales_price@3] |
|               |                                         CoalesceBatchesExec: target_batch_size=8192                                                                                                              |
|               |                                           RepartitionExec: partitioning=Hash([ws_sold_date_sk@0], 4), input_partitions=4                                                                         |
|               |                                             BytesProcessedExec                                                                                                                                   |
|               |                                               SchemaCastScanExec                                                                                                                                 |
|               |                                                 RepartitionExec: partitioning=RoundRobinBatch(4), input_partitions=1                                                                             |
|               |                                                   MemoryExec: partitions=1, partition_sizes=[88]                                                                                                 |
|               |                                         CoalesceBatchesExec: target_batch_size=8192                                                                                                              |
|               |                                           RepartitionExec: partitioning=Hash([d_date_sk@0], 4), input_partitions=4                                                                               |
|               |                                             ProjectionExec: expr=[d_date_sk@0 as d_date_sk]                                                                                                      |
|               |                                               BytesProcessedExec                                                                                                                                 |
|               |                                                 CoalesceBatchesExec: target_batch_size=8192                                                                                                      |
|               |                                                   FilterExec: d_moy@2 = 11 AND d_year@1 = 2001                                                                                                   |
|               |                                                     SchemaCastScanExec                                                                                                                           |
|               |                                                       RepartitionExec: partitioning=RoundRobinBatch(4), input_partitions=1                                                                       |
|               |                                                         MemoryExec: partitions=1, partition_sizes=[9]                                                                                            |
|               |                                   ProjectionExec: expr=[cs_ext_sales_price@2 as ext_price, cs_item_sk@1 as sold_item_sk, cs_sold_time_sk@0 as time_sk]                                           |
|               |                                     CoalesceBatchesExec: target_batch_size=8192                                                                                                                  |
|               |                                       HashJoinExec: mode=Partitioned, join_type=Inner, on=[(cs_sold_date_sk@0, d_date_sk@0)], projection=[cs_sold_time_sk@1, cs_item_sk@2, cs_ext_sales_price@3] |
|               |                                         CoalesceBatchesExec: target_batch_size=8192                                                                                                              |
|               |                                           RepartitionExec: partitioning=Hash([cs_sold_date_sk@0], 4), input_partitions=4                                                                         |
|               |                                             BytesProcessedExec                                                                                                                                   |
|               |                                               SchemaCastScanExec                                                                                                                                 |
|               |                                                 RepartitionExec: partitioning=RoundRobinBatch(4), input_partitions=1                                                                             |
|               |                                                   MemoryExec: partitions=1, partition_sizes=[176]                                                                                                |
|               |                                         CoalesceBatchesExec: target_batch_size=8192                                                                                                              |
|               |                                           RepartitionExec: partitioning=Hash([d_date_sk@0], 4), input_partitions=4                                                                               |
|               |                                             ProjectionExec: expr=[d_date_sk@0 as d_date_sk]                                                                                                      |
|               |                                               BytesProcessedExec                                                                                                                                 |
|               |                                                 CoalesceBatchesExec: target_batch_size=8192                                                                                                      |
|               |                                                   FilterExec: d_moy@2 = 11 AND d_year@1 = 2001                                                                                                   |
|               |                                                     SchemaCastScanExec                                                                                                                           |
|               |                                                       RepartitionExec: partitioning=RoundRobinBatch(4), input_partitions=1                                                                       |
|               |                                                         MemoryExec: partitions=1, partition_sizes=[9]                                                                                            |
|               |                                   ProjectionExec: expr=[ss_ext_sales_price@2 as ext_price, ss_item_sk@1 as sold_item_sk, ss_sold_time_sk@0 as time_sk]                                           |
|               |                                     CoalesceBatchesExec: target_batch_size=8192                                                                                                                  |
|               |                                       HashJoinExec: mode=Partitioned, join_type=Inner, on=[(ss_sold_date_sk@0, d_date_sk@0)], projection=[ss_sold_time_sk@1, ss_item_sk@2, ss_ext_sales_price@3] |
|               |                                         CoalesceBatchesExec: target_batch_size=8192                                                                                                              |
|               |                                           RepartitionExec: partitioning=Hash([ss_sold_date_sk@0], 4), input_partitions=4                                                                         |
|               |                                             BytesProcessedExec                                                                                                                                   |
|               |                                               SchemaCastScanExec                                                                                                                                 |
|               |                                                 RepartitionExec: partitioning=RoundRobinBatch(4), input_partitions=1                                                                             |
|               |                                                   MemoryExec: partitions=1, partition_sizes=[352]                                                                                                |
|               |                                         CoalesceBatchesExec: target_batch_size=8192                                                                                                              |
|               |                                           RepartitionExec: partitioning=Hash([d_date_sk@0], 4), input_partitions=4                                                                               |
|               |                                             ProjectionExec: expr=[d_date_sk@0 as d_date_sk]                                                                                                      |
|               |                                               BytesProcessedExec                                                                                                                                 |
|               |                                                 CoalesceBatchesExec: target_batch_size=8192                                                                                                      |
|               |                                                   FilterExec: d_moy@2 = 11 AND d_year@1 = 2001                                                                                                   |
|               |                                                     SchemaCastScanExec                                                                                                                           |
|               |                                                       RepartitionExec: partitioning=RoundRobinBatch(4), input_partitions=1                                                                       |
|               |                                                         MemoryExec: partitions=1, partition_sizes=[9]                                                                                            |
|               |                     CoalesceBatchesExec: target_batch_size=8192                                                                                                                                  |
|               |                       RepartitionExec: partitioning=Hash([t_time_sk@0], 4), input_partitions=4                                                                                                   |
|               |                         ProjectionExec: expr=[t_time_sk@0 as t_time_sk, t_hour@1 as t_hour, t_minute@2 as t_minute]                                                                              |
|               |                           BytesProcessedExec                                                                                                                                                     |
|               |                             CoalesceBatchesExec: target_batch_size=8192                                                                                                                          |
|               |                               FilterExec: t_meal_time@3 = breakfast OR t_meal_time@3 = dinner                                                                                                    |
|               |                                 SchemaCastScanExec                                                                                                                                               |
|               |                                   RepartitionExec: partitioning=RoundRobinBatch(4), input_partitions=1                                                                                           |
|               |                                     MemoryExec: partitions=1, partition_sizes=[11]                                                                                                               |
|               |                                                                                                                                                                                                  |
+---------------+--------------------------------------------------------------------------------------------------------------------------------------------------------------------------------------------------+
