---
source: crates/runtime/benches/bench.rs
expression: records_pretty
---
+--------+----------+------------------+-----------+
| d_year | brand_id | brand            | ext_price |
+--------+----------+------------------+-----------+
| 2000   | 7008009  | namelessbrand #9 | 43822.54  |
+--------+----------+------------------+-----------+
