---
source: crates/runtime/benches/bench.rs
expression: records_pretty
---
+----------------------+
| avg(hits.UserID)     |
+----------------------+
| 2.528953029789716e18 |
+----------------------+
