---
source: crates/runtime/benches/bench.rs
expression: records_pretty
snapshot_kind: text
---
+-----------+------------+------------+------------+------------+
| bucket1   | bucket2    | bucket3    | bucket4    | bucket5    |
+-----------+------------+------------+------------+------------+
| 39.586662 | 116.114976 | 192.439186 | 267.187662 | 342.966759 |
+-----------+------------+------------+------------+------------+
