---
source: crates/runtime/benches/bench.rs
description: "Query: select  dt.d_year\n \t,item.i_category_id\n \t,item.i_category\n \t,sum(ss_ext_sales_price)\n from \tdate_dim dt\n \t,store_sales\n \t,item\n where dt.d_date_sk = store_sales.ss_sold_date_sk\n \tand store_sales.ss_item_sk = item.i_item_sk\n \tand item.i_manager_id = 1\n \tand dt.d_moy=11\n \tand dt.d_year=1998\n group by \tdt.d_year\n \t\t,item.i_category_id\n \t\t,item.i_category\n order by       sum(ss_ext_sales_price) desc,dt.d_year\n \t\t,item.i_category_id\n \t\t,item.i_category\n LIMIT 100 ;\n"
snapshot_kind: text
---
+---------------+---------------------------------------------------------------------------------------------------------------------------------------------------------------------------------------------------------------------------------------------------------------------------------------------------------------------------------------------------------------------------------------------------------------------------------------------------------------------------------------------------------+
| plan_type     | plan                                                                                                                                                                                                                                                                                                                                                                                                                                                                                                    |
+---------------+---------------------------------------------------------------------------------------------------------------------------------------------------------------------------------------------------------------------------------------------------------------------------------------------------------------------------------------------------------------------------------------------------------------------------------------------------------------------------------------------------------+
| logical_plan  | Sort: sum(store_sales.ss_ext_sales_price) DESC NULLS FIRST, dt.d_year ASC NULLS LAST, item.i_category_id ASC NULLS LAST, item.i_category ASC NULLS LAST, fetch=100                                                                                                                                                                                                                                                                                                                                      |
|               |   Aggregate: groupBy=[[dt.d_year, item.i_category_id, item.i_category]], aggr=[[sum(store_sales.ss_ext_sales_price)]]                                                                                                                                                                                                                                                                                                                                                                                   |
|               |     Projection: dt.d_year, store_sales.ss_ext_sales_price, item.i_category_id, item.i_category                                                                                                                                                                                                                                                                                                                                                                                                          |
|               |       Inner Join: store_sales.ss_item_sk = item.i_item_sk                                                                                                                                                                                                                                                                                                                                                                                                                                               |
|               |         Projection: dt.d_year, store_sales.ss_item_sk, store_sales.ss_ext_sales_price                                                                                                                                                                                                                                                                                                                                                                                                                   |
|               |           Inner Join: dt.d_date_sk = store_sales.ss_sold_date_sk                                                                                                                                                                                                                                                                                                                                                                                                                                        |
|               |             SubqueryAlias: dt                                                                                                                                                                                                                                                                                                                                                                                                                                                                           |
|               |               BytesProcessedNode                                                                                                                                                                                                                                                                                                                                                                                                                                                                        |
|               |                 TableScan: date_dim projection=[d_date_sk, d_year], full_filters=[date_dim.d_moy = Int32(11), date_dim.d_year = Int32(1998)]                                                                                                                                                                                                                                                                                                                                                            |
|               |             BytesProcessedNode                                                                                                                                                                                                                                                                                                                                                                                                                                                                          |
|               |               TableScan: store_sales projection=[ss_sold_date_sk, ss_item_sk, ss_ext_sales_price]                                                                                                                                                                                                                                                                                                                                                                                                       |
|               |         BytesProcessedNode                                                                                                                                                                                                                                                                                                                                                                                                                                                                              |
|               |           TableScan: item projection=[i_item_sk, i_category_id, i_category], full_filters=[item.i_manager_id = Int32(1)]                                                                                                                                                                                                                                                                                                                                                                                |
| physical_plan | SortPreservingMergeExec: [sum(store_sales.ss_ext_sales_price)@3 DESC, d_year@0 ASC NULLS LAST, i_category_id@1 ASC NULLS LAST, i_category@2 ASC NULLS LAST], fetch=100                                                                                                                                                                                                                                                                                                                                  |
|               |   SortExec: TopK(fetch=100), expr=[sum(store_sales.ss_ext_sales_price)@3 DESC, d_year@0 ASC NULLS LAST, i_category_id@1 ASC NULLS LAST, i_category@2 ASC NULLS LAST], preserve_partitioning=[true]                                                                                                                                                                                                                                                                                                      |
|               |     AggregateExec: mode=FinalPartitioned, gby=[d_year@0 as d_year, i_category_id@1 as i_category_id, i_category@2 as i_category], aggr=[sum(store_sales.ss_ext_sales_price)]                                                                                                                                                                                                                                                                                                                            |
|               |       CoalesceBatchesExec: target_batch_size=8192                                                                                                                                                                                                                                                                                                                                                                                                                                                       |
|               |         RepartitionExec: partitioning=Hash([d_year@0, i_category_id@1, i_category@2], 4), input_partitions=4                                                                                                                                                                                                                                                                                                                                                                                            |
|               |           AggregateExec: mode=Partial, gby=[d_year@0 as d_year, i_category_id@2 as i_category_id, i_category@3 as i_category], aggr=[sum(store_sales.ss_ext_sales_price)]                                                                                                                                                                                                                                                                                                                               |
|               |             CoalesceBatchesExec: target_batch_size=8192                                                                                                                                                                                                                                                                                                                                                                                                                                                 |
|               |               HashJoinExec: mode=Partitioned, join_type=Inner, on=[(ss_item_sk@1, i_item_sk@0)], projection=[d_year@0, ss_ext_sales_price@2, i_category_id@4, i_category@5]                                                                                                                                                                                                                                                                                                                             |
|               |                 CoalesceBatchesExec: target_batch_size=8192                                                                                                                                                                                                                                                                                                                                                                                                                                             |
|               |                   RepartitionExec: partitioning=Hash([ss_item_sk@1], 4), input_partitions=4                                                                                                                                                                                                                                                                                                                                                                                                             |
|               |                     CoalesceBatchesExec: target_batch_size=8192                                                                                                                                                                                                                                                                                                                                                                                                                                         |
|               |                       HashJoinExec: mode=Partitioned, join_type=Inner, on=[(d_date_sk@0, ss_sold_date_sk@0)], projection=[d_year@1, ss_item_sk@3, ss_ext_sales_price@4]                                                                                                                                                                                                                                                                                                                                 |
|               |                         CoalesceBatchesExec: target_batch_size=8192                                                                                                                                                                                                                                                                                                                                                                                                                                     |
|               |                           RepartitionExec: partitioning=Hash([d_date_sk@0], 4), input_partitions=4                                                                                                                                                                                                                                                                                                                                                                                                      |
|               |                             RepartitionExec: partitioning=RoundRobinBatch(4), input_partitions=1                                                                                                                                                                                                                                                                                                                                                                                                        |
|               |                               BytesProcessedExec                                                                                                                                                                                                                                                                                                                                                                                                                                                        |
|               |                                 ParquetExec: file_groups={1 group: [[tpcds_sf1/date_dim/date_dim.parquet]]}, projection=[d_date_sk, d_year], predicate=d_moy@8 = 11 AND d_year@6 = 1998, pruning_predicate=CASE WHEN d_moy_null_count@2 = d_moy_row_count@3 THEN false ELSE d_moy_min@0 <= 11 AND 11 <= d_moy_max@1 END AND CASE WHEN d_year_null_count@6 = d_year_row_count@7 THEN false ELSE d_year_min@4 <= 1998 AND 1998 <= d_year_max@5 END, required_guarantees=[N] |
|               |                         CoalesceBatchesExec: target_batch_size=8192                                                                                                                                                                                                                                                                                                                                                                                                                                     |
|               |                           RepartitionExec: partitioning=Hash([ss_sold_date_sk@0], 4), input_partitions=4                                                                                                                                                                                                                                                                                                                                                                                                |
|               |                             BytesProcessedExec                                                                                                                                                                                                                                                                                                                                                                                                                                                          |
|               |                               ParquetExec: file_groups={4 groups: [[tpcds_sf1/store_sales/store_sales.parquet:0..38551918], [tpcds_sf1/store_sales/store_sales.parquet:38551918..77103836], [tpcds_sf1/store_sales/store_sales.parquet:77103836..115655754], [tpcds_sf1/store_sales/store_sales.parquet:115655754..154207672]]}, projection=[ss_sold_date_sk, ss_item_sk, ss_ext_sales_price]                                                                                                           |
|               |                 CoalesceBatchesExec: target_batch_size=8192                                                                                                                                                                                                                                                                                                                                                                                                                                             |
|               |                   RepartitionExec: partitioning=Hash([i_item_sk@0], 4), input_partitions=4                                                                                                                                                                                                                                                                                                                                                                                                              |
|               |                     RepartitionExec: partitioning=RoundRobinBatch(4), input_partitions=1                                                                                                                                                                                                                                                                                                                                                                                                                |
|               |                       BytesProcessedExec                                                                                                                                                                                                                                                                                                                                                                                                                                                                |
|               |                         ParquetExec: file_groups={1 group: [[tpcds_sf1/item/item.parquet]]}, projection=[i_item_sk, i_category_id, i_category], predicate=i_manager_id@20 = 1, pruning_predicate=CASE WHEN i_manager_id_null_count@2 = i_manager_id_row_count@3 THEN false ELSE i_manager_id_min@0 <= 1 AND 1 <= i_manager_id_max@1 END, required_guarantees=[N]                                                                                                                      |
|               |                                                                                                                                                                                                                                                                                                                                                                                                                                                                                                         |
+---------------+---------------------------------------------------------------------------------------------------------------------------------------------------------------------------------------------------------------------------------------------------------------------------------------------------------------------------------------------------------------------------------------------------------------------------------------------------------------------------------------------------------+
