---
source: crates/runtime/benches/bench.rs
expression: records_pretty
---
+--------------+--------------+-----------------+---------------+---------------+----------------+--------+-------------------+---------+-------+---------+------------+------------+-------------+-----------+
| s_store_name | s_company_id | s_street_number | s_street_name | s_street_type | s_suite_number | s_city | s_county          | s_state | s_zip | 30 days | 31-60 days | 61-90 days | 91-120 days | >120 days |
+--------------+--------------+-----------------+---------------+---------------+----------------+--------+-------------------+---------+-------+---------+------------+------------+-------------+-----------+
| ought        | 1            | 767             | Spring        | Wy            | Suite 250      | Midway | Williamson County | TN      | 31904 | 7       | 0          | 5          | 1           | 11        |
+--------------+--------------+-----------------+---------------+---------------+----------------+--------+-------------------+---------+-------+---------+------------+------------+-------------+-----------+
