---
source: crates/runtime/benches/bench.rs
expression: records_pretty
---
+----------------+-------+-----------+----------------------+-------------------+----------------+---------------------------+------------------------+
| ss_customer_sk | ratio | store_qty | store_wholesale_cost | store_sales_price | other_chan_qty | other_chan_wholesale_cost | other_chan_sales_price |
+----------------+-------+-----------+----------------------+-------------------+----------------+---------------------------+------------------------+
| 3              | 1.0   | 95        | 82.04                | 82.51             | 66             | 32.54                     | 25.53                  |
| 5              | 2.0   | 74        | 56.23                | 10.23             | 25             | 53.77                     | 26.61                  |
| 5              | 1.0   | 59        | 66.37                | 20.28             | 50             | 57.58                     | 57.82                  |
| 5              | 0.0   | 39        | 34.66                | 7.73              | 44             | 39.36                     | 27.76                  |
| 5              | 0.0   | 34        | 58.73                | 36.20             | 63             | 91.22                     | 95.79                  |
| 21             | 2.0   | 97        | 46.28                | 14.71             | 37             | 53.36                     | 52.31                  |
| 21             | 0.0   | 49        | 44.90                | 19.79             | 81             | 23.27                     | 2.87                   |
| 34             | 0.0   | 39        | 44.79                | 38.52             | 85             | 79.56                     | 67.75                  |
| 41             | 1.0   | 81        | 52.57                | 14.01             | 76             | 58.82                     | 52.86                  |
| 41             | 1.0   | 80        | 15.90                | 3.31              | 66             | 6.24                      | 2.57                   |
+----------------+-------+-----------+----------------------+-------------------+----------------+---------------------------+------------------------+
