---
source: crates/runtime/benches/bench.rs
expression: records_pretty
snapshot_kind: text
---
+----------------------+-------------------------------------+----------+
| UserID               | SearchPhrase                        | count(*) |
+----------------------+-------------------------------------+----------+
| -2461439046089301801 |                                     | 6        |
| 376160620089546609   |                                     | 1        |
| 7418527520126366595  |                                     | 1        |
| -9180825132631298460 | коптимир крас возрождения креставки | 2        |
| -9178515231912571900 | клипы 2013                          | 2        |
| -9154375582268094750 |                                     | 43       |
| -9136168843017551521 |                                     | 9        |
| -9065145991879669783 |                                     | 3        |
| -9052146544381558785 | коптимиквиды юристоры онлайн        | 2        |
| -9052146544381558785 |                                     | 30       |
+----------------------+-------------------------------------+----------+
