---
source: crates/runtime/benches/bench.rs
expression: records_pretty
---
+-------+-----+
| state | cnt |
+-------+-----+
| AK    | 11  |
| TX    | 12  |
+-------+-----+
