---
source: crates/runtime/benches/bench.rs
expression: records_pretty
snapshot_kind: text
---
+--------------+
| l_linenumber |
+--------------+
| 7            |
| 7            |
| 7            |
| 7            |
| 7            |
| 7            |
| 7            |
| 7            |
| 7            |
| 7            |
+--------------+
