---
source: crates/runtime/benches/bench.rs
expression: records_pretty
snapshot_kind: text
---
+-----------+--------+---------+-----------+--------+---------+-----------+--------+---------+-----------+--------+---------+-----------+--------+---------+------------+--------+---------+
| B1_LP     | B1_CNT | B1_CNTD | B2_LP     | B2_CNT | B2_CNTD | B3_LP     | B3_CNT | B3_CNTD | B4_LP     | B4_CNT | B4_CNTD | B5_LP     | B5_CNT | B5_CNTD | B6_LP      | B6_CNT | B6_CNTD |
+-----------+--------+---------+-----------+--------+---------+-----------+--------+---------+-----------+--------+---------+-----------+--------+---------+------------+--------+---------+
| 56.475495 | 36049  | 7003    | 90.924246 | 31399  | 8235    | 61.574065 | 29174  | 6522    | 69.692259 | 36200  | 8320    | 89.286963 | 32212  | 7930    | 106.974797 | 28626  | 9058    |
+-----------+--------+---------+-----------+--------+---------+-----------+--------+---------+-----------+--------+---------+-----------+--------+---------+------------+--------+---------+
