---
source: crates/runtime/benches/bench.rs
description: "Query: select  i_item_id\n      ,i_item_desc\n      ,i_category\n      ,i_class\n      ,i_current_price\n      ,sum(ws_ext_sales_price) as itemrevenue\n      ,sum(ws_ext_sales_price)*100/sum(sum(ws_ext_sales_price)) over\n          (partition by i_class) as revenueratio\nfrom\n\tweb_sales\n    \t,item\n    \t,date_dim\nwhere\n\tws_item_sk = i_item_sk\n  \tand i_category in ('Jewelry', 'Books', 'Women')\n  \tand ws_sold_date_sk = d_date_sk\n\tand d_date between cast('2002-03-22' as date)\n\t\t\t\tand (cast('2002-03-22' as date) + INTERVAL '30 days')\ngroup by\n\ti_item_id\n        ,i_item_desc\n        ,i_category\n        ,i_class\n        ,i_current_price\norder by\n\ti_category\n        ,i_class\n        ,i_item_id\n        ,i_item_desc\n        ,revenueratio\n LIMIT 100;\n"
snapshot_kind: text
---
+---------------+-------------------------------------------------------------------------------------------------------------------------------------------------------------------------------------------------------------------------------------------------------------------------------------------------------------------------------------------------------------------------------------------------------------------------------------------------------------------------------------------------------------------------------------------+
| plan_type     | plan                                                                                                                                                                                                                                                                                                                                                                                                                                                                                                                                      |
+---------------+-------------------------------------------------------------------------------------------------------------------------------------------------------------------------------------------------------------------------------------------------------------------------------------------------------------------------------------------------------------------------------------------------------------------------------------------------------------------------------------------------------------------------------------------+
| logical_plan  | Sort: item.i_category ASC NULLS LAST, item.i_class ASC NULLS LAST, item.i_item_id ASC NULLS LAST, item.i_item_desc ASC NULLS LAST, revenueratio ASC NULLS LAST, fetch=100                                                                                                                                                                                                                                                                                                                                                                 |
|               |   Projection: item.i_item_id, item.i_item_desc, item.i_category, item.i_class, item.i_current_price, sum(web_sales.ws_ext_sales_price) AS itemrevenue, sum(web_sales.ws_ext_sales_price) * Decimal128(Some(100),20,0) / sum(sum(web_sales.ws_ext_sales_price)) PARTITION BY [item.i_class] ROWS BETWEEN UNBOUNDED PRECEDING AND UNBOUNDED FOLLOWING AS revenueratio                                                                                                                                                                       |
|               |     WindowAggr: windowExpr=[[sum(sum(web_sales.ws_ext_sales_price)) PARTITION BY [item.i_class] ROWS BETWEEN UNBOUNDED PRECEDING AND UNBOUNDED FOLLOWING]]                                                                                                                                                                                                                                                                                                                                                                                |
|               |       Aggregate: groupBy=[[item.i_item_id, item.i_item_desc, item.i_category, item.i_class, item.i_current_price]], aggr=[[sum(web_sales.ws_ext_sales_price)]]                                                                                                                                                                                                                                                                                                                                                                            |
|               |         Projection: web_sales.ws_ext_sales_price, item.i_item_id, item.i_item_desc, item.i_current_price, item.i_class, item.i_category                                                                                                                                                                                                                                                                                                                                                                                                   |
|               |           Inner Join: web_sales.ws_sold_date_sk = date_dim.d_date_sk                                                                                                                                                                                                                                                                                                                                                                                                                                                                      |
|               |             Projection: web_sales.ws_sold_date_sk, web_sales.ws_ext_sales_price, item.i_item_id, item.i_item_desc, item.i_current_price, item.i_class, item.i_category                                                                                                                                                                                                                                                                                                                                                                    |
|               |               Inner Join: web_sales.ws_item_sk = item.i_item_sk                                                                                                                                                                                                                                                                                                                                                                                                                                                                           |
|               |                 BytesProcessedNode                                                                                                                                                                                                                                                                                                                                                                                                                                                                                                        |
|               |                   TableScan: web_sales projection=[ws_sold_date_sk, ws_item_sk, ws_ext_sales_price]                                                                                                                                                                                                                                                                                                                                                                                                                                       |
|               |                 BytesProcessedNode                                                                                                                                                                                                                                                                                                                                                                                                                                                                                                        |
|               |                   Filter: item.i_category = LargeUtf8("Jewelry") OR item.i_category = LargeUtf8("Books") OR item.i_category = LargeUtf8("Women")                                                                                                                                                                                                                                                                                                                                                                                          |
|               |                     TableScan: item projection=[i_item_sk, i_item_id, i_item_desc, i_current_price, i_class, i_category]                                                                                                                                                                                                                                                                                                                                                                                                                  |
|               |             Projection: date_dim.d_date_sk                                                                                                                                                                                                                                                                                                                                                                                                                                                                                                |
|               |               BytesProcessedNode                                                                                                                                                                                                                                                                                                                                                                                                                                                                                                          |
|               |                 Filter: date_dim.d_date >= Date32("2002-03-22") AND date_dim.d_date <= Date32("2002-04-21")                                                                                                                                                                                                                                                                                                                                                                                                                               |
|               |                   TableScan: date_dim projection=[d_date_sk, d_date]                                                                                                                                                                                                                                                                                                                                                                                                                                                                      |
| physical_plan | SortPreservingMergeExec: [i_category@2 ASC NULLS LAST, i_class@3 ASC NULLS LAST, i_item_id@0 ASC NULLS LAST, i_item_desc@1 ASC NULLS LAST, revenueratio@6 ASC NULLS LAST], fetch=100                                                                                                                                                                                                                                                                                                                                                      |
|               |   SortExec: TopK(fetch=100), expr=[i_category@2 ASC NULLS LAST, i_class@3 ASC NULLS LAST, i_item_id@0 ASC NULLS LAST, i_item_desc@1 ASC NULLS LAST, revenueratio@6 ASC NULLS LAST], preserve_partitioning=[true]                                                                                                                                                                                                                                                                                                                          |
|               |     ProjectionExec: expr=[i_item_id@0 as i_item_id, i_item_desc@1 as i_item_desc, i_category@2 as i_category, i_class@3 as i_class, i_current_price@4 as i_current_price, sum(web_sales.ws_ext_sales_price)@5 as itemrevenue, sum(web_sales.ws_ext_sales_price)@5 * Some(100),20,0 / sum(sum(web_sales.ws_ext_sales_price)) PARTITION BY [item.i_class] ROWS BETWEEN UNBOUNDED PRECEDING AND UNBOUNDED FOLLOWING@6 as revenueratio]                                                                                                       |
|               |       WindowAggExec: wdw=[sum(sum(web_sales.ws_ext_sales_price)) PARTITION BY [item.i_class] ROWS BETWEEN UNBOUNDED PRECEDING AND UNBOUNDED FOLLOWING: Ok(Field { name: "sum(sum(web_sales.ws_ext_sales_price)) PARTITION BY [item.i_class] ROWS BETWEEN UNBOUNDED PRECEDING AND UNBOUNDED FOLLOWING", data_type: Decimal128(27, 2), nullable: true, dict_id: 0, dict_is_ordered: false, metadata: {} }), frame: WindowFrame { units: Rows, start_bound: Preceding(UInt64(NULL)), end_bound: Following(UInt64(NULL)), is_causal: false }] |
|               |         SortExec: expr=[i_class@3 ASC NULLS LAST], preserve_partitioning=[true]                                                                                                                                                                                                                                                                                                                                                                                                                                                           |
|               |           CoalesceBatchesExec: target_batch_size=8192                                                                                                                                                                                                                                                                                                                                                                                                                                                                                     |
|               |             RepartitionExec: partitioning=Hash([i_class@3], 4), input_partitions=4                                                                                                                                                                                                                                                                                                                                                                                                                                                        |
|               |               AggregateExec: mode=FinalPartitioned, gby=[i_item_id@0 as i_item_id, i_item_desc@1 as i_item_desc, i_category@2 as i_category, i_class@3 as i_class, i_current_price@4 as i_current_price], aggr=[sum(web_sales.ws_ext_sales_price)]                                                                                                                                                                                                                                                                                        |
|               |                 CoalesceBatchesExec: target_batch_size=8192                                                                                                                                                                                                                                                                                                                                                                                                                                                                               |
|               |                   RepartitionExec: partitioning=Hash([i_item_id@0, i_item_desc@1, i_category@2, i_class@3, i_current_price@4], 4), input_partitions=4                                                                                                                                                                                                                                                                                                                                                                                     |
|               |                     AggregateExec: mode=Partial, gby=[i_item_id@1 as i_item_id, i_item_desc@2 as i_item_desc, i_category@5 as i_category, i_class@4 as i_class, i_current_price@3 as i_current_price], aggr=[sum(web_sales.ws_ext_sales_price)]                                                                                                                                                                                                                                                                                           |
|               |                       CoalesceBatchesExec: target_batch_size=8192                                                                                                                                                                                                                                                                                                                                                                                                                                                                         |
|               |                         HashJoinExec: mode=Partitioned, join_type=Inner, on=[(ws_sold_date_sk@0, d_date_sk@0)], projection=[ws_ext_sales_price@1, i_item_id@2, i_item_desc@3, i_current_price@4, i_class@5, i_category@6]                                                                                                                                                                                                                                                                                                                 |
|               |                           CoalesceBatchesExec: target_batch_size=8192                                                                                                                                                                                                                                                                                                                                                                                                                                                                     |
|               |                             RepartitionExec: partitioning=Hash([ws_sold_date_sk@0], 4), input_partitions=4                                                                                                                                                                                                                                                                                                                                                                                                                                |
|               |                               CoalesceBatchesExec: target_batch_size=8192                                                                                                                                                                                                                                                                                                                                                                                                                                                                 |
|               |                                 HashJoinExec: mode=Partitioned, join_type=Inner, on=[(ws_item_sk@1, i_item_sk@0)], projection=[ws_sold_date_sk@0, ws_ext_sales_price@2, i_item_id@4, i_item_desc@5, i_current_price@6, i_class@7, i_category@8]                                                                                                                                                                                                                                                                                           |
|               |                                   CoalesceBatchesExec: target_batch_size=8192                                                                                                                                                                                                                                                                                                                                                                                                                                                             |
|               |                                     RepartitionExec: partitioning=Hash([ws_item_sk@1], 4), input_partitions=4                                                                                                                                                                                                                                                                                                                                                                                                                             |
|               |                                       BytesProcessedExec                                                                                                                                                                                                                                                                                                                                                                                                                                                                                  |
|               |                                         SchemaCastScanExec                                                                                                                                                                                                                                                                                                                                                                                                                                                                                |
|               |                                           RepartitionExec: partitioning=RoundRobinBatch(4), input_partitions=1                                                                                                                                                                                                                                                                                                                                                                                                                            |
|               |                                             MemoryExec: partitions=1, partition_sizes=[88]                                                                                                                                                                                                                                                                                                                                                                                                                                                |
|               |                                   CoalesceBatchesExec: target_batch_size=8192                                                                                                                                                                                                                                                                                                                                                                                                                                                             |
|               |                                     RepartitionExec: partitioning=Hash([i_item_sk@0], 4), input_partitions=4                                                                                                                                                                                                                                                                                                                                                                                                                              |
|               |                                       BytesProcessedExec                                                                                                                                                                                                                                                                                                                                                                                                                                                                                  |
|               |                                         CoalesceBatchesExec: target_batch_size=8192                                                                                                                                                                                                                                                                                                                                                                                                                                                       |
|               |                                           FilterExec: i_category@5 = Jewelry OR i_category@5 = Books OR i_category@5 = Women                                                                                                                                                                                                                                                                                                                                                                                                              |
|               |                                             SchemaCastScanExec                                                                                                                                                                                                                                                                                                                                                                                                                                                                            |
|               |                                               RepartitionExec: partitioning=RoundRobinBatch(4), input_partitions=1                                                                                                                                                                                                                                                                                                                                                                                                                        |
|               |                                                 MemoryExec: partitions=1, partition_sizes=[3]                                                                                                                                                                                                                                                                                                                                                                                                                                             |
|               |                           CoalesceBatchesExec: target_batch_size=8192                                                                                                                                                                                                                                                                                                                                                                                                                                                                     |
|               |                             RepartitionExec: partitioning=Hash([d_date_sk@0], 4), input_partitions=4                                                                                                                                                                                                                                                                                                                                                                                                                                      |
|               |                               ProjectionExec: expr=[d_date_sk@0 as d_date_sk]                                                                                                                                                                                                                                                                                                                                                                                                                                                             |
|               |                                 BytesProcessedExec                                                                                                                                                                                                                                                                                                                                                                                                                                                                                        |
|               |                                   CoalesceBatchesExec: target_batch_size=8192                                                                                                                                                                                                                                                                                                                                                                                                                                                             |
|               |                                     FilterExec: d_date@1 >= 2002-03-22 AND d_date@1 <= 2002-04-21                                                                                                                                                                                                                                                                                                                                                                                                                                         |
|               |                                       SchemaCastScanExec                                                                                                                                                                                                                                                                                                                                                                                                                                                                                  |
|               |                                         RepartitionExec: partitioning=RoundRobinBatch(4), input_partitions=1                                                                                                                                                                                                                                                                                                                                                                                                                              |
|               |                                           MemoryExec: partitions=1, partition_sizes=[9]                                                                                                                                                                                                                                                                                                                                                                                                                                                   |
|               |                                                                                                                                                                                                                                                                                                                                                                                                                                                                                                                                           |
+---------------+-------------------------------------------------------------------------------------------------------------------------------------------------------------------------------------------------------------------------------------------------------------------------------------------------------------------------------------------------------------------------------------------------------------------------------------------------------------------------------------------------------------------------------------------+
