---
source: crates/runtime/benches/bench.rs
expression: records_pretty
---
+--------+----------+-----------------------+-----------+
| d_year | brand_id | brand                 | sum_agg   |
+--------+----------+-----------------------+-----------+
| 1998   | 5004001  | edu packscholar #1    | -18566.58 |
| 1999   | 5004001  | edu packscholar #1    | -18629.92 |
| 2000   | 9014012  | edu packunivamalg #12 | -2096.71  |
| 2001   | 9014012  | edu packunivamalg #12 | -10122.45 |
| 2002   | 1002001  | importoamalg #1       | -3574.62  |
+--------+----------+-----------------------+-----------+
