---
source: crates/runtime/benches/bench.rs
expression: records_pretty
---
+---------------------+-------------+---+---------------------+---------------------------+
| WatchID             | ClientIP    | c | sum(hits.IsRefresh) | avg(hits.ResolutionWidth) |
+---------------------+-------------+---+---------------------+---------------------------+
| 6033311157525698852 | -829211438  | 1 | 0                   | 1087.0                    |
| 6959238972173132649 | 946290223   | 1 | 0                   | 1917.0                    |
| 7877698396876143912 | 1262571234  | 1 | 0                   | 1368.0                    |
| 4851398875135540650 | 1167827596  | 1 | 0                   | 1990.0                    |
| 7811576000888377491 | 1262571234  | 1 | 0                   | 1368.0                    |
| 8044600895937032715 | 1670042581  | 1 | 0                   | 1996.0                    |
| 6107114571968038099 | 1262571234  | 1 | 0                   | 1368.0                    |
| 7253594536155188020 | -1902871226 | 1 | 0                   | 1917.0                    |
| 7575749944813402753 | -1307172559 | 1 | 0                   | 1638.0                    |
| 8396419243688301114 | -997335018  | 1 | 0                   | 1368.0                    |
+---------------------+-------------+---+---------------------+---------------------------+
