---
source: crates/runtime/tests/snowflake/mod.rs
description: Snowflake Integration Test Results
---
+------------+-----------+-----------+--------------+------------+-----------------+------------+-------+--------------+--------------+------------+--------------+---------------+------------------+------------+-------------------------------------------+
| L_ORDERKEY | L_PARTKEY | L_SUPPKEY | L_LINENUMBER | L_QUANTITY | L_EXTENDEDPRICE | L_DISCOUNT | L_TAX | L_RETURNFLAG | L_LINESTATUS | L_SHIPDATE | L_COMMITDATE | L_RECEIPTDATE | L_SHIPINSTRUCT   | L_SHIPMODE | L_COMMENT                                 |
+------------+-----------+-----------+--------------+------------+-----------------+------------+-------+--------------+--------------+------------+--------------+---------------+------------------+------------+-------------------------------------------+
| 1332613    | 53982     | 1498      | 1            | 14.00      | 27103.72        | 0.08       | 0.07  | A            | F            | 1992-01-02 | 1992-02-11   | 1992-01-18    | TAKE BACK RETURN | TRUCK      | y against the furiously regular           |
| 904677     | 56678     | 1689      | 1            | 43.00      | 70290.81        | 0.08       | 0.01  | R            | F            | 1992-01-02 | 1992-03-22   | 1992-01-14    | COLLECT COD      | AIR        | fix. quickly ironic instruct              |
| 5018977    | 82039     | 2040      | 1            | 20.00      | 20420.60        | 0.00       | 0.00  | A            | F            | 1992-01-02 | 1992-03-19   | 1992-01-15    | NONE             | SHIP       |  packages detect furiously quick          |
| 990147     | 154290    | 4291      | 1            | 6.00       | 8065.74         | 0.10       | 0.01  | R            | F            | 1992-01-02 | 1992-03-01   | 1992-01-15    | NONE             | REG AIR    | lyly according to the caref               |
| 1054181    | 16217     | 6218      | 1            | 45.00      | 50994.45        | 0.03       | 0.08  | R            | F            | 1992-01-02 | 1992-02-05   | 1992-01-15    | NONE             | MAIL       | y unusual instructions. furiously reg     |
| 5431079    | 78869     | 6391      | 1            | 12.00      | 22174.32        | 0.03       | 0.08  | R            | F            | 1992-01-02 | 1992-03-29   | 1992-02-01    | NONE             | MAIL       | xes are fu                                |
| 1552449    | 159307    | 1823      | 2            | 28.00      | 38256.40        | 0.08       | 0.06  | R            | F            | 1992-01-02 | 1992-03-14   | 1992-01-05    | TAKE BACK RETURN | SHIP       | hely final excuses. bold accounts wake. q |
| 5002593    | 90105     | 2615      | 2            | 21.00      | 22997.10        | 0.05       | 0.08  | R            | F            | 1992-01-02 | 1992-03-30   | 1992-01-26    | TAKE BACK RETURN | REG AIR    | ss accounts. ironic, sp                   |
| 721220     | 177803    | 5355      | 2            | 19.00      | 35735.20        | 0.08       | 0.03  | R            | F            | 1992-01-02 | 1992-02-04   | 1992-01-09    | TAKE BACK RETURN | SHIP       | . slyly even accounts                     |
| 1111877    | 134177    | 1717      | 3            | 20.00      | 24223.40        | 0.10       | 0.07  | A            | F            | 1992-01-02 | 1992-02-28   | 1992-01-07    | TAKE BACK RETURN | FOB        | re. ideas wake                            |
+------------+-----------+-----------+--------------+------------+-----------------+------------+-------+--------------+--------------+------------+--------------+---------------+------------------+------------+-------------------------------------------+
