---
source: crates/runtime/tests/databricks_delta/mod.rs
description: "Databricks (mode: delta_lake) Integration Test Results"
---
+----------------+-----------------+-----------+-----------+----------+-----------+------------+-------------+------------------------------+------------+----------------------+-------------+-----------+-------------------------------+--------------------+
| string_col     | long_col        | int_col   | short_col | byte_col | float_col | double_col | boolean_col | binary_col                   | date_col   | timestamp_col        | decimal_col | array_col | struct_col                    | map_col            |
+----------------+-----------------+-----------+-----------+----------+-----------+------------+-------------+------------------------------+------------+----------------------+-------------+-----------+-------------------------------+--------------------+
| example_string | 123456789012345 | 123456789 | 12345     | 123      | 123.45    | 1234567.89 | true        | 6578616d706c655f62696e617279 | 2024-12-04 | 2024-12-04T12:34:56Z | 123456.78   | [1, 2, 3] | {id: 1, name: example_struct} | {key1: 1, key2: 2} |
+----------------+-----------------+-----------+-----------+----------+-----------+------------+-------------+------------------------------+------------+----------------------+-------------+-----------+-------------------------------+--------------------+
