---
source: crates/runtime/tests/integration.rs
description: "Query: SELECT * FROM db_uc.default.databricks_demo ORDER BY network, isp LIMIT 10"
---
+---------------+----------------------------------------------------------------------------------------------------------------------------------------------------------------------------------------------------------------------------------------------------------------------------------------------------------------------------------------------------------------------------------------------------------------------------------------------------------------------------------------------------------------------------------------------------------------------------------------------------------------------------------------------------------------------------------------------------------------------------------------------------------------------------------------------------------------------------------------------------------------------------------------------------------------------------------------------------------------------------------------------------------------------------------------------------------------------------------------------------------------------------------------------------------------------------------------------------------------------------------------------------------------------------------------------------------------------------------------------------------------------------------------------------------------------------------------------------------------------------+
| plan_type     | plan                                                                                                                                                                                                                                                                                                                                                                                                                                                                                                                                                                                                                                                                                                                                                                                                                                                                                                                                                                                                                                                                                                                                                                                                                                                                                                                                                                                                                                                                       |
+---------------+----------------------------------------------------------------------------------------------------------------------------------------------------------------------------------------------------------------------------------------------------------------------------------------------------------------------------------------------------------------------------------------------------------------------------------------------------------------------------------------------------------------------------------------------------------------------------------------------------------------------------------------------------------------------------------------------------------------------------------------------------------------------------------------------------------------------------------------------------------------------------------------------------------------------------------------------------------------------------------------------------------------------------------------------------------------------------------------------------------------------------------------------------------------------------------------------------------------------------------------------------------------------------------------------------------------------------------------------------------------------------------------------------------------------------------------------------------------------------+
| logical_plan  | BytesProcessedNode                                                                                                                                                                                                                                                                                                                                                                                                                                                                                                                                                                                                                                                                                                                                                                                                                                                                                                                                                                                                                                                                                                                                                                                                                                                                                                                                                                                                                                                         |
|               |   Federated                                                                                                                                                                                                                                                                                                                                                                                                                                                                                                                                                                                                                                                                                                                                                                                                                                                                                                                                                                                                                                                                                                                                                                                                                                                                                                                                                                                                                                                                |
|               |  Limit: skip=0, fetch=10                                                                                                                                                                                                                                                                                                                                                                                                                                                                                                                                                                                                                                                                                                                                                                                                                                                                                                                                                                                                                                                                                                                                                                                                                                                                                                                                                                                                                                                   |
|               |   Sort: db_uc.default.databricks_demo.network ASC NULLS LAST, db_uc.default.databricks_demo.isp ASC NULLS LAST                                                                                                                                                                                                                                                                                                                                                                                                                                                                                                                                                                                                                                                                                                                                                                                                                                                                                                                                                                                                                                                                                                                                                                                                                                                                                                                                                             |
|               |     Projection: db_uc.default.databricks_demo.network, db_uc.default.databricks_demo.isp, db_uc.default.databricks_demo.organization, db_uc.default.databricks_demo.autonomous_system_number, db_uc.default.databricks_demo.autonomous_system_organization, db_uc.default.databricks_demo.mobile_country_code, db_uc.default.databricks_demo.mobile_network_code                                                                                                                                                                                                                                                                                                                                                                                                                                                                                                                                                                                                                                                                                                                                                                                                                                                                                                                                                                                                                                                                                                           |
|               |       TableScan: db_uc.default.databricks_demo projection=[network, isp, organization, autonomous_system_number, autonomous_system_organization, mobile_country_code, mobile_network_code]                                                                                                                                                                                                                                                                                                                                                                                                                                                                                                                                                                                                                                                                                                                                                                                                                                                                                                                                                                                                                                                                                                                                                                                                                                                                                 |
| physical_plan | BytesProcessedExec                                                                                                                                                                                                                                                                                                                                                                                                                                                                                                                                                                                                                                                                                                                                                                                                                                                                                                                                                                                                                                                                                                                                                                                                                                                                                                                                                                                                                                                         |
|               |   SchemaCastScanExec                                                                                                                                                                                                                                                                                                                                                                                                                                                                                                                                                                                                                                                                                                                                                                                                                                                                                                                                                                                                                                                                                                                                                                                                                                                                                                                                                                                                                                                       |
|               |     VirtualExecutionPlan name=SparkConnect compute_context=sc://dbc-f34ee0b7-90f2.cloud.databricks.com:443/;user_id=spice.ai;x-databricks-cluster-id=0711-151224-1rh2uz8m;use_ssl=true sql=SELECT db_uc."default".databricks_demo.network, db_uc."default".databricks_demo.isp, db_uc."default".databricks_demo.organization, db_uc."default".databricks_demo.autonomous_system_number, db_uc."default".databricks_demo.autonomous_system_organization, db_uc."default".databricks_demo.mobile_country_code, db_uc."default".databricks_demo.mobile_network_code FROM db_uc."default".databricks_demo ORDER BY db_uc."default".databricks_demo.network ASC NULLS LAST, db_uc."default".databricks_demo.isp ASC NULLS LAST LIMIT 10 rewritten_sql=SELECT `catalog-dash-test`.`default`.`databricks_demo`.`network`, `catalog-dash-test`.`default`.`databricks_demo`.`isp`, `catalog-dash-test`.`default`.`databricks_demo`.`organization`, `catalog-dash-test`.`default`.`databricks_demo`.`autonomous_system_number`, `catalog-dash-test`.`default`.`databricks_demo`.`autonomous_system_organization`, `catalog-dash-test`.`default`.`databricks_demo`.`mobile_country_code`, `catalog-dash-test`.`default`.`databricks_demo`.`mobile_network_code` FROM `catalog-dash-test`.`default`.`databricks_demo` ORDER BY `catalog-dash-test`.`default`.`databricks_demo`.`network` ASC NULLS LAST, `catalog-dash-test`.`default`.`databricks_demo`.`isp` ASC NULLS LAST LIMIT 10 |
|               |                                                                                                                                                                                                                                                                                                                                                                                                                                                                                                                                                                                                                                                                                                                                                                                                                                                                                                                                                                                                                                                                                                                                                                                                                                                                                                                                                                                                                                                                            |
+---------------+----------------------------------------------------------------------------------------------------------------------------------------------------------------------------------------------------------------------------------------------------------------------------------------------------------------------------------------------------------------------------------------------------------------------------------------------------------------------------------------------------------------------------------------------------------------------------------------------------------------------------------------------------------------------------------------------------------------------------------------------------------------------------------------------------------------------------------------------------------------------------------------------------------------------------------------------------------------------------------------------------------------------------------------------------------------------------------------------------------------------------------------------------------------------------------------------------------------------------------------------------------------------------------------------------------------------------------------------------------------------------------------------------------------------------------------------------------------------------+
