---
source: crates/runtime/tests/integration.rs
description: "Query: SELECT * FROM lineitem ORDER BY \"L_SHIPDATE\", \"L_LINENUMBER\", \"L_SUPPKEY\" LIMIT 10"
---
+---------------+-------------------------------------------------------------------------------------------------------------------------------------------------------------------------------------------------------------------------------------------------------------------------------------------------------------------------------------------------------------------------------------------------------------------------------------------------------------------------------------------------------------------------------------------------------------------------------------------------------------------------------------------------------------------------------------------------------------------------------------------------------------------------------------------------------------------------------------------------------------------------------------------------------------------------------------------------------------------------------------------------------------------------------------------------------------------------------------------------------------------------------------------------------------------------------------------------------------------------------------------------------------------------------------------------------------------------------------------------------------------------------------------------------------------------------------------------------------------------------------------------------------------------------------------------------------------------------------------------------------------------------------------------------------------------------------------------------------------------------------------------------------------------------------------------------------------------------------------+
| plan_type     | plan                                                                                                                                                                                                                                                                                                                                                                                                                                                                                                                                                                                                                                                                                                                                                                                                                                                                                                                                                                                                                                                                                                                                                                                                                                                                                                                                                                                                                                                                                                                                                                                                                                                                                                                                                                                                                                      |
+---------------+-------------------------------------------------------------------------------------------------------------------------------------------------------------------------------------------------------------------------------------------------------------------------------------------------------------------------------------------------------------------------------------------------------------------------------------------------------------------------------------------------------------------------------------------------------------------------------------------------------------------------------------------------------------------------------------------------------------------------------------------------------------------------------------------------------------------------------------------------------------------------------------------------------------------------------------------------------------------------------------------------------------------------------------------------------------------------------------------------------------------------------------------------------------------------------------------------------------------------------------------------------------------------------------------------------------------------------------------------------------------------------------------------------------------------------------------------------------------------------------------------------------------------------------------------------------------------------------------------------------------------------------------------------------------------------------------------------------------------------------------------------------------------------------------------------------------------------------------+
| logical_plan  | BytesProcessedNode                                                                                                                                                                                                                                                                                                                                                                                                                                                                                                                                                                                                                                                                                                                                                                                                                                                                                                                                                                                                                                                                                                                                                                                                                                                                                                                                                                                                                                                                                                                                                                                                                                                                                                                                                                                                                        |
|               |   Federated                                                                                                                                                                                                                                                                                                                                                                                                                                                                                                                                                                                                                                                                                                                                                                                                                                                                                                                                                                                                                                                                                                                                                                                                                                                                                                                                                                                                                                                                                                                                                                                                                                                                                                                                                                                                                               |
|               |  Limit: skip=0, fetch=10                                                                                                                                                                                                                                                                                                                                                                                                                                                                                                                                                                                                                                                                                                                                                                                                                                                                                                                                                                                                                                                                                                                                                                                                                                                                                                                                                                                                                                                                                                                                                                                                                                                                                                                                                                                                                  |
|               |   Sort: lineitem.L_SHIPDATE ASC NULLS LAST, lineitem.L_LINENUMBER ASC NULLS LAST, lineitem.L_SUPPKEY ASC NULLS LAST                                                                                                                                                                                                                                                                                                                                                                                                                                                                                                                                                                                                                                                                                                                                                                                                                                                                                                                                                                                                                                                                                                                                                                                                                                                                                                                                                                                                                                                                                                                                                                                                                                                                                                                       |
|               |     Projection: lineitem.L_ORDERKEY, lineitem.L_PARTKEY, lineitem.L_SUPPKEY, lineitem.L_LINENUMBER, lineitem.L_QUANTITY, lineitem.L_EXTENDEDPRICE, lineitem.L_DISCOUNT, lineitem.L_TAX, lineitem.L_RETURNFLAG, lineitem.L_LINESTATUS, lineitem.L_SHIPDATE, lineitem.L_COMMITDATE, lineitem.L_RECEIPTDATE, lineitem.L_SHIPINSTRUCT, lineitem.L_SHIPMODE, lineitem.L_COMMENT                                                                                                                                                                                                                                                                                                                                                                                                                                                                                                                                                                                                                                                                                                                                                                                                                                                                                                                                                                                                                                                                                                                                                                                                                                                                                                                                                                                                                                                                |
|               |       TableScan: lineitem projection=[L_ORDERKEY, L_PARTKEY, L_SUPPKEY, L_LINENUMBER, L_QUANTITY, L_EXTENDEDPRICE, L_DISCOUNT, L_TAX, L_RETURNFLAG, L_LINESTATUS, L_SHIPDATE, L_COMMITDATE, L_RECEIPTDATE, L_SHIPINSTRUCT, L_SHIPMODE, L_COMMENT]                                                                                                                                                                                                                                                                                                                                                                                                                                                                                                                                                                                                                                                                                                                                                                                                                                                                                                                                                                                                                                                                                                                                                                                                                                                                                                                                                                                                                                                                                                                                                                                         |
| physical_plan | BytesProcessedExec                                                                                                                                                                                                                                                                                                                                                                                                                                                                                                                                                                                                                                                                                                                                                                                                                                                                                                                                                                                                                                                                                                                                                                                                                                                                                                                                                                                                                                                                                                                                                                                                                                                                                                                                                                                                                        |
|               |   SchemaCastScanExec                                                                                                                                                                                                                                                                                                                                                                                                                                                                                                                                                                                                                                                                                                                                                                                                                                                                                                                                                                                                                                                                                                                                                                                                                                                                                                                                                                                                                                                                                                                                                                                                                                                                                                                                                                                                                      |
|               |     VirtualExecutionPlan name=snowflake compute_context=username=phillipleblanc,account=PPNILLP-RRB93167,warehouse=COMPUTE_WH,role=accountadmin sql=SELECT lineitem.L_ORDERKEY, lineitem.L_PARTKEY, lineitem.L_SUPPKEY, lineitem.L_LINENUMBER, lineitem.L_QUANTITY, lineitem.L_EXTENDEDPRICE, lineitem.L_DISCOUNT, lineitem.L_TAX, lineitem.L_RETURNFLAG, lineitem.L_LINESTATUS, lineitem.L_SHIPDATE, lineitem.L_COMMITDATE, lineitem.L_RECEIPTDATE, lineitem.L_SHIPINSTRUCT, lineitem.L_SHIPMODE, lineitem.L_COMMENT FROM lineitem ORDER BY lineitem.L_SHIPDATE ASC NULLS LAST, lineitem.L_LINENUMBER ASC NULLS LAST, lineitem.L_SUPPKEY ASC NULLS LAST LIMIT 10 rewritten_sql=SELECT SNOWFLAKE_SAMPLE_DATA.TPCH_SF1.LINEITEM.L_ORDERKEY, SNOWFLAKE_SAMPLE_DATA.TPCH_SF1.LINEITEM.L_PARTKEY, SNOWFLAKE_SAMPLE_DATA.TPCH_SF1.LINEITEM.L_SUPPKEY, SNOWFLAKE_SAMPLE_DATA.TPCH_SF1.LINEITEM.L_LINENUMBER, SNOWFLAKE_SAMPLE_DATA.TPCH_SF1.LINEITEM.L_QUANTITY, SNOWFLAKE_SAMPLE_DATA.TPCH_SF1.LINEITEM.L_EXTENDEDPRICE, SNOWFLAKE_SAMPLE_DATA.TPCH_SF1.LINEITEM.L_DISCOUNT, SNOWFLAKE_SAMPLE_DATA.TPCH_SF1.LINEITEM.L_TAX, SNOWFLAKE_SAMPLE_DATA.TPCH_SF1.LINEITEM.L_RETURNFLAG, SNOWFLAKE_SAMPLE_DATA.TPCH_SF1.LINEITEM.L_LINESTATUS, SNOWFLAKE_SAMPLE_DATA.TPCH_SF1.LINEITEM.L_SHIPDATE, SNOWFLAKE_SAMPLE_DATA.TPCH_SF1.LINEITEM.L_COMMITDATE, SNOWFLAKE_SAMPLE_DATA.TPCH_SF1.LINEITEM.L_RECEIPTDATE, SNOWFLAKE_SAMPLE_DATA.TPCH_SF1.LINEITEM.L_SHIPINSTRUCT, SNOWFLAKE_SAMPLE_DATA.TPCH_SF1.LINEITEM.L_SHIPMODE, SNOWFLAKE_SAMPLE_DATA.TPCH_SF1.LINEITEM.L_COMMENT FROM SNOWFLAKE_SAMPLE_DATA.TPCH_SF1.LINEITEM ORDER BY SNOWFLAKE_SAMPLE_DATA.TPCH_SF1.LINEITEM.L_SHIPDATE ASC NULLS LAST, SNOWFLAKE_SAMPLE_DATA.TPCH_SF1.LINEITEM.L_LINENUMBER ASC NULLS LAST, SNOWFLAKE_SAMPLE_DATA.TPCH_SF1.LINEITEM.L_SUPPKEY ASC NULLS LAST LIMIT 10 |
|               |                                                                                                                                                                                                                                                                                                                                                                                                                                                                                                                                                                                                                                                                                                                                                                                                                                                                                                                                                                                                                                                                                                                                                                                                                                                                                                                                                                                                                                                                                                                                                                                                                                                                                                                                                                                                                                           |
+---------------+-------------------------------------------------------------------------------------------------------------------------------------------------------------------------------------------------------------------------------------------------------------------------------------------------------------------------------------------------------------------------------------------------------------------------------------------------------------------------------------------------------------------------------------------------------------------------------------------------------------------------------------------------------------------------------------------------------------------------------------------------------------------------------------------------------------------------------------------------------------------------------------------------------------------------------------------------------------------------------------------------------------------------------------------------------------------------------------------------------------------------------------------------------------------------------------------------------------------------------------------------------------------------------------------------------------------------------------------------------------------------------------------------------------------------------------------------------------------------------------------------------------------------------------------------------------------------------------------------------------------------------------------------------------------------------------------------------------------------------------------------------------------------------------------------------------------------------------------+
